
> temp_site@0.0.0 build
> vite build

[36mvite v8.0.12 [32mbuilding client environment for production...[36m[39m
[2K
node.exe : 
At line:1 char:1
+ & "C:\Program Files\nodejs/node.exe" "C:\Program Files\nodejs/node_mo ...
+ ~~~~~~~~~~~~~~~~~~~~~~~~~~~~~~~~~~~~~~~~~~~~~~~~~~~~~~~~~~~~~~~~~~~~~
    + CategoryInfo          : NotSpecified: (:String) [], RemoteException
    + FullyQualifiedErrorId : NativeCommandError
 
[1m[33mwarn[39m[22m - The `content` option in your Tailwind CSS configuration is missing or empty.
[1m[33mwarn[39m[22m - Configure your content sources or your generated CSS will be missing styles.
[1m[33mwarn[39m[22m - https://tailwindcss.com/docs/content-configuration
transforming...Ô£ô 2131 modules transformed.
rendering chunks...
[31mÔ£ù[39m Build failed in 2.21s
[31merror during build:
[31mBuild failed with 1 error:

[31m[MISSING_EXPORT] Error:[0m "Linkedin" is not exported by "node_modules/lucide-react/dist/esm/lucide-react.mjs".
   [38;5;246mÔò¡[0m[38;5;246mÔöÇ[0m[38;5;246m[[0m src/App.jsx:3:194 [38;5;246m][0m
   [38;5;246mÔöé[0m
 [38;5;246m3 Ôöé[0m 
[38;5;249mi[0m[38;5;249mm[0m[38;5;249mp[0m[38;5;249mo[0m[38;5;249mr[0m[38;5;249mt[0m[38;5;249m 
[0m[38;5;249m{[0m[38;5;249m 
[0m[38;5;249mM[0m[38;5;249ma[0m[38;5;249mi[0m[38;5;249ml[0m[38;5;249m,[0m[38;5;249m 
[0m[38;5;249mG[0m[38;5;249ml[0m[38;5;249mo[0m[38;5;249mb[0m[38;5;249me[0m[38;5;249m,[0m[38;5;249m [0m[3
8;5;249mB[0m[38;5;249mr[0m[38;5;249mi[0m[38;5;249me[0m[38;5;249mf[0m[38;5;249mc[0m[38;5;249ma[0m[38;5;249
ms[0m[38;5;249me[0m[38;5;249m,[0m[38;5;249m [0m[38;5;249mG[0m[38;5;249mr[0m[38;5;249ma[0m[38;5;249md[0m
[38;5;249mu[0m[38;5;249ma[0m[38;5;249mt[0m[38;5;249mi[0m[38;5;249mo[0m[38;5;249mn[0m[38;5;249mC[0m[38;5;2
49ma[0m[38;5;249mp[0m[38;5;249m,[0m[38;5;249m [0m[38;5;249mP[0m[38;5;249ma[0m[38;5;249ml[0m[38;5;249me[0
m[38;5;249mt[0m[38;5;249mt[0m[38;5;249me[0m[38;5;249m,[0m[38;5;249m [0m[38;5;249mL[0m[38;5;249ma[0m[38;5
;249my[0m[38;5;249me[0m[38;5;249mr[0m[38;5;249ms[0m[38;5;249m,[0m[38;5;249m 
[0m[38;5;249mC[0m[38;5;249mp[0m[38;5;249mu[0m[38;5;249m,[0m[38;5;249m [0m[38;5;249mS[0m[38;5;249mp[0m[3
8;5;249ma[0m[38;5;249mr[0m[38;5;249mk[0m[38;5;249ml[0m[38;5;249me[0m[38;5;249ms[0m[38;5;249m,[0m[38;5;249
m [0m[38;5;249mA[0m[38;5;249mr[0m[38;5;249mr[0m[38;5;249mo[0m[38;5;249mw[0m[38;5;249mR[0m[38;5;249mi[0m
[38;5;249mg[0m[38;5;249mh[0m[38;5;249mt[0m[38;5;249m,[0m[38;5;249m [0m[38;5;249mA[0m[38;5;249mr[0m[38;5;2
49mr[0m[38;5;249mo[0m[38;5;249mw[0m[38;5;249mL[0m[38;5;249me[0m[38;5;249mf[0m[38;5;249mt[0m[38;5;249m,[0
m[38;5;249m [0m[38;5;249mL[0m[38;5;249mi[0m[38;5;249mn[0m[38;5;249mk[0m[38;5;249m 
[0m[38;5;249ma[0m[38;5;249ms[0m[38;5;249m [0m[38;5;249mL[0m[38;5;249mi[0m[38;5;249mn[0m[38;5;249mk[0m[3
8;5;249mI[0m[38;5;249mc[0m[38;5;249mo[0m[38;5;249mn[0m[38;5;249m,[0m[38;5;249m [0m[38;5;249mE[0m[38;5;249
mx[0m[38;5;249mt[0m[38;5;249me[0m[38;5;249mr[0m[38;5;249mn[0m[38;5;249ma[0m[38;5;249ml[0m[38;5;249mL[0m
[38;5;249mi[0m[38;5;249mn[0m[38;5;249mk[0m[38;5;249m,[0m[38;5;249m 
[0m[38;5;249mS[0m[38;5;249mu[0m[38;5;249mn[0m[38;5;249m,[0m[38;5;249m 
[0m[38;5;249mM[0m[38;5;249mo[0m[38;5;249mo[0m[38;5;249mn[0m[38;5;249m,[0m[38;5;249m 
[0m[38;5;249mP[0m[38;5;249mh[0m[38;5;249mo[0m[38;5;249mn[0m[38;5;249me[0m[38;5;249m,[0m[38;5;249m [0m[3
8;5;249mC[0m[38;5;249mh[0m[38;5;249me[0m[38;5;249mv[0m[38;5;249mr[0m[38;5;249mo[0m[38;5;249mn[0m[38;5;249
mD[0m[38;5;249mo[0m[38;5;249mw[0m[38;5;249mn[0m[38;5;249m,[0m[38;5;249m [0m[38;5;249mC[0m[38;5;249mh[0m
[38;5;249me[0m[38;5;249mv[0m[38;5;249mr[0m[38;5;249mo[0m[38;5;249mn[0m[38;5;249mL[0m[38;5;249me[0m[38;5;2
49mf[0m[38;5;249mt[0m[38;5;249m,[0m[38;5;249m [0m[38;5;249mC[0m[38;5;249mh[0m[38;5;249me[0m[38;5;249mv[0
m[38;5;249mr[0m[38;5;249mo[0m[38;5;249mn[0m[38;5;249mR[0m[38;5;249mi[0m[38;5;249mg[0m[38;5;249mh[0m[38;5
;249mt[0m[38;5;249m,[0m[38;5;249m [0mLinkedin[38;5;249m [0m[38;5;249m}[0m[38;5;249m 
[0m[38;5;249mf[0m[38;5;249mr[0m[38;5;249mo[0m[38;5;249mm[0m[38;5;249m [0m[38;5;249m"[0m[38;5;249ml[0m[3
8;5;249mu[0m[38;5;249mc[0m[38;5;249mi[0m[38;5;249md[0m[38;5;249me[0m[38;5;249m-[0m[38;5;249mr[0m[38;5;249
me[0m[38;5;249ma[0m[38;5;249mc[0m[38;5;249mt[0m[38;5;249m"[0m[38;5;249m;[0m
 [38;5;240m  Ôöé[0m                                                                                                  
                                                                                                
ÔöÇÔöÇÔöÇÔöÇÔö¼ÔöÇÔöÇÔöÇ  
 [38;5;240m  Ôöé[0m                                                                                                  
                                                                                                    Ôò░ÔöÇÔöÇÔöÇÔöÇÔöÇ 
Missing export
[38;5;246mÔöÇÔöÇÔöÇÔò»[0m
[31m
    at aggregateBindingErrorsIntoJsError 
(file:///C:/Work/BK/node_modules/rolldown/dist/shared/error-BrnLyQ-g.mjs:48:18)
    at unwrapBindingResult (file:///C:/Work/BK/node_modules/rolldown/dist/shared/error-BrnLyQ-g.mjs:18:128)
    at #build (file:///C:/Work/BK/node_modules/rolldown/dist/shared/rolldown-build-D_ShytiL.mjs:3257:34)
    at async buildEnvironment (file:///C:/Work/BK/node_modules/vite/dist/node/chunks/node.js:33052:64)
    at async Object.build (file:///C:/Work/BK/node_modules/vite/dist/node/chunks/node.js:33474:19)
    at async Object.buildApp (file:///C:/Work/BK/node_modules/vite/dist/node/chunks/node.js:33471:153)
    at async CAC.<anonymous> (file:///C:/Work/BK/node_modules/vite/dist/node/cli.js:778:3) {
  errors: [Getter/Setter]
}[39m
